// Jest Snapshot v1, https://goo.gl/fbAQLP

exports[`home Snapshot home 1`] = `"<div class=\\"structure\\"><img class=\\"desktop-img\\" src=\\"img/homeDesktop.png\\"><div class=\\"home-structure\\"><img class=\\"petspace-logo\\" id=\\"petspaceLogo\\" src=\\"img/PetSpaceLogo.png\\"><section class=\\"login-box\\" id=\\"loginBox\\"><form class=\\"login-form\\" id=\\"loginForm\\"><input id=\\"user\\" name=\\"user\\" type=\\"text\\" placeholder=\\"E-mail\\"><input id=\\"loginPassword\\" type=\\"password\\" placeholder=\\"Contraseña\\"><p id=\\"loginMessage\\"></p><button id=\\"seePassword\\"><i class=\\"fas fa-eye\\"></i></button><button class=\\"submit-button\\" id=\\"submitButton\\" type=\\"submit\\">Entrar</button></form></section><section class=\\"login-with\\" id=\\"loginWith\\"><p>Inicia sesión con:</p><img class=\\"facebook-logo\\" id=\\"facebookLogo\\" src=\\"img/facebook.png\\"><img class=\\"gmail-logo\\" id=\\"gmailLogo\\" src=\\"img/google.png\\"></section><section class=\\"register-section\\" id=\\"registerSection\\"><p>¿No tienes cuenta?</p><button class=\\"register-button\\" id=\\"registerButton\\" type=\\"button\\">Regístrate</button></section></div></div>"`;
